will reach a barrier
will reach a barrier
Hello, World!
Hello, World!
joining
