'a' should be lowercase: 512
'A' should not be lowercase: 0
